// Jest Snapshot v1, https://goo.gl/fbAQLP

exports[`renders calculator correctly 1`] = `
<div
  className="flex"
>
  <h3>
    Let's do some math!
  </h3>
  <div
    className="Calculator"
  >
    <div
      className="display"
    >
      
    </div>
    <div>
      <button
        className="button  "
        onClick={[Function]}
        type="button"
      >
        AC
      </button>
      <button
        className="button  "
        onClick={[Function]}
        type="button"
      >
        +/-
      </button>
      <button
        className="button  "
        onClick={[Function]}
        type="button"
      >
        %
      </button>
      <button
        className="button  button--orange"
        onClick={[Function]}
        type="button"
      >
        รท
      </button>
    </div>
    <div>
      <button
        className="button  "
        onClick={[Function]}
        type="button"
      >
        7
      </button>
      <button
        className="button  "
        onClick={[Function]}
        type="button"
      >
        8
      </button>
      <button
        className="button  "
        onClick={[Function]}
        type="button"
      >
        9
      </button>
      <button
        className="button  button--orange"
        onClick={[Function]}
        type="button"
      >
        x
      </button>
    </div>
    <div>
      <button
        className="button  "
        onClick={[Function]}
        type="button"
      >
        4
      </button>
      <button
        className="button  "
        onClick={[Function]}
        type="button"
      >
        5
      </button>
      <button
        className="button  "
        onClick={[Function]}
        type="button"
      >
        6
      </button>
      <button
        className="button  button--orange"
        onClick={[Function]}
        type="button"
      >
        -
      </button>
    </div>
    <div>
      <button
        className="button  "
        onClick={[Function]}
        type="button"
      >
        1
      </button>
      <button
        className="button  "
        onClick={[Function]}
        type="button"
      >
        2
      </button>
      <button
        className="button  "
        onClick={[Function]}
        type="button"
      >
        3
      </button>
      <button
        className="button  button--orange"
        onClick={[Function]}
        type="button"
      >
        +
      </button>
    </div>
    <div>
      <button
        className="button  "
        onClick={[Function]}
        type="button"
      >
        0
      </button>
      <button
        className="button  "
        onClick={[Function]}
        type="button"
      >
        .
      </button>
      <button
        className="button button--span-2 button--orange"
        onClick={[Function]}
        type="button"
      >
        =
      </button>
    </div>
  </div>
</div>
`;
